../BME280ABEY/BME280_STM32.c:50:6:TrimRead	56	static
../BME280ABEY/BME280_STM32.c:99:5:BME280_Config	48	static
../BME280ABEY/BME280_STM32.c:163:5:BMEReadRaw	40	static
../BME280ABEY/BME280_STM32.c:192:6:BME280_WakeUP	32	static
../BME280ABEY/BME280_STM32.c:214:9:BME280_compensate_T_int32	32	static
../BME280ABEY/BME280_STM32.c:229:10:BME280_compensate_P_int64	328	static
../BME280ABEY/BME280_STM32.c:285:10:bme280_compensate_H_int32	24	static
../BME280ABEY/BME280_STM32.c:306:6:BME280_Measure	8	static
